Component: ARM Compiler 5.05 update 1 (build 106) Tool: armlink [4d0efa]

==============================================================================

Section Cross References

    startup_stm32f10x_hd.o(RESET) refers to startup_stm32f10x_hd.o(STACK) for __initial_sp
    startup_stm32f10x_hd.o(RESET) refers to startup_stm32f10x_hd.o(.text) for Reset_Handler
    startup_stm32f10x_hd.o(RESET) refers to stm32f10x_it.o(.text) for NMI_Handler
    startup_stm32f10x_hd.o(RESET) refers to at_parse.o(.text) for USART1_IRQHandler
    startup_stm32f10x_hd.o(.text) refers to system_stm32f10x.o(.text) for SystemInit
    startup_stm32f10x_hd.o(.text) refers to entry.o(.ARM.Collect$$$$00000000) for __main
    main.o(.text) refers to led.o(.text) for LED_GPIO_Config
    main.o(.text) refers to usart1.o(.text) for USART1_Config
    main.o(.text) refers to usart3.o(.text) for USART3_Config
    main.o(.text) refers to key.o(.text) for EXTI_PE4_Config
    main.o(.text) refers to time_test.o(.text) for TIM2_NVIC_Configuration
    main.o(.text) refers to at_parse.o(.text) for module_task_init
    main.o(.text) refers to stm32f10x_rcc.o(.text) for RCC_APB1PeriphClockCmd
    main.o(.text) refers to stm32f10x_tim.o(.text) for TIM_Cmd
    main.o(.text) refers to printfa.o(i.__0printf) for __2printf
    main.o(.text) refers to main.o(.data) for time
    stm32f10x_it.o(.text) refers to at_parse.o(.text) for systick_increase
    stm32f10x_it.o(.text) refers to stm32f10x_tim.o(.text) for TIM_GetITStatus
    stm32f10x_it.o(.text) refers to stm32f10x_exti.o(.text) for EXTI_GetITStatus
    stm32f10x_it.o(.text) refers to flash.o(.text) for Readflash
    stm32f10x_it.o(.text) refers to stm32f10x_gpio.o(.text) for GPIO_ReadOutputDataBit
    stm32f10x_it.o(.text) refers to mcu_at_system.o(.text) for reset
    usart1.o(.text) refers to stm32f10x_rcc.o(.text) for RCC_APB2PeriphClockCmd
    usart1.o(.text) refers to stm32f10x_gpio.o(.text) for GPIO_Init
    usart1.o(.text) refers to stm32f10x_usart.o(.text) for USART_Init
    usart1.o(.text) refers to misc.o(.text) for NVIC_PriorityGroupConfig
    key.o(.text) refers to misc.o(.text) for NVIC_PriorityGroupConfig
    key.o(.text) refers to stm32f10x_rcc.o(.text) for RCC_APB2PeriphClockCmd
    key.o(.text) refers to stm32f10x_gpio.o(.text) for GPIO_Init
    key.o(.text) refers to stm32f10x_exti.o(.text) for EXTI_Init
    led.o(.text) refers to stm32f10x_rcc.o(.text) for RCC_APB2PeriphClockCmd
    led.o(.text) refers to stm32f10x_gpio.o(.text) for GPIO_Init
    time_test.o(.text) refers to misc.o(.text) for NVIC_PriorityGroupConfig
    time_test.o(.text) refers to stm32f10x_rcc.o(.text) for RCC_APB1PeriphClockCmd
    time_test.o(.text) refers to stm32f10x_tim.o(.text) for TIM_DeInit
    usart3.o(.text) refers to stm32f10x_rcc.o(.text) for RCC_APB2PeriphClockCmd
    usart3.o(.text) refers to stm32f10x_gpio.o(.text) for GPIO_Init
    usart3.o(.text) refers to stm32f10x_usart.o(.text) for USART_Init
    usart3.o(.text) refers to misc.o(.text) for NVIC_PriorityGroupConfig
    systick.o(.text) refers to system_stm32f10x.o(.data) for SystemCoreClock
    systick.o(.text) refers to systick.o(.data) for TimingDelay
    flash.o(.text) refers to stm32f10x_flash.o(.text) for FLASH_Unlock
    flash.o(.text) refers to printfa.o(i.__0printf) for __2printf
    flash.o(.text) refers to memseta.o(.text) for __aeabi_memset
    flash.o(.text) refers to flash.o(.bss) for cBuffer
    stm32f10x_rcc.o(.text) refers to stm32f10x_rcc.o(.data) for APBAHBPrescTable
    stm32f10x_gpio.o(.text) refers to stm32f10x_rcc.o(.text) for RCC_APB2PeriphResetCmd
    stm32f10x_usart.o(.text) refers to stm32f10x_rcc.o(.text) for RCC_APB2PeriphResetCmd
    stm32f10x_tim.o(.text) refers to stm32f10x_rcc.o(.text) for RCC_APB2PeriphResetCmd
    system_stm32f10x.o(.text) refers to flash.o(.text) for Readflash
    system_stm32f10x.o(.text) refers to system_stm32f10x.o(.data) for SystemCoreClock
    at_parse.o(.text) refers to memcpya.o(.text) for __aeabi_memcpy
    at_parse.o(.text) refers to stm32f10x_usart.o(.text) for USART_GetITStatus
    at_parse.o(.text) refers to printfa.o(i.__0vsnprintf) for vsnprintf
    at_parse.o(.text) refers to printfa.o(i.__0printf) for __2printf
    at_parse.o(.text) refers to strstr.o(.text) for strstr
    at_parse.o(.text) refers to at_parse.o(.bss) for rbrecv
    at_parse.o(.text) refers to at_parse.o(.data) for tick
    at_parse.o(.text) refers to strlen.o(.text) for strlen
    at_parse.o(.text) refers to strncmp.o(.text) for strncmp
    at_parse.o(.text) refers to usart1.o(.text) for NVIC_usart1_Configuration_Disable
    at_parse.o(.text) refers to download.o(.text) for SerialDownload
    at_parse.o(.text) refers to flash.o(.text) for FlashErase
    at_parse.o(.text) refers to at_parse.o(.constdata) for work_handler_table
    at_parse.o(.text) refers to at_parse.o(init.item.0) for init_tbl_start
    at_parse.o(.text) refers to at_parse.o(init.item.4) for init_tbl_end
[...]
    isupper_o.o(.text) refers to ctype_o.o(.text) for __rt_ctype_table
    isxdigit_o.o(.text) refers to ctype_o.o(.text) for __rt_ctype_table
    _scanf.o(.text) refers (Weak) to _scanf_int.o(.text) for _scanf_int
    _strtoul.o(.text) refers to _chval.o(.text) for _chval
    _strtoul.o(.text) refers to errno.o(i.__aeabi_errno_addr) for __aeabi_errno_addr
    depilogue.o(.text) refers to llshl.o(.text) for __aeabi_llsl
    depilogue.o(.text) refers to llushr.o(.text) for __aeabi_llsr
    ctype_c.o(.text) refers to ctype_c.o(.constdata) for .constdata


==============================================================================

Removing Unused input sections from the image.

    Removing startup_stm32f10x_hd.o(HEAP), (512 bytes).
    Removing systick.o(.text), (204 bytes).
    Removing systick.o(.data), (4 bytes).
    Removing core_cm3.o(.emb_text), (32 bytes).

4 unused section(s) (total 752 bytes) removed from the image.

==============================================================================

Image Symbol Table

    Local Symbols

    Symbol Name                              Value     Ov Type        Size  Object(Section)

    ../clib/../cmprslib/zerorunl2.c          0x00000000   Number         0  __dczerorl2.o ABSOLUTE
    ../clib/microlib/ctype/ctype.c           0x00000000   Number         0  isupper_o.o ABSOLUTE
    ../clib/microlib/ctype/ctype.c           0x00000000   Number         0  isspace_c.o ABSOLUTE
    ../clib/microlib/ctype/ctype.c           0x00000000   Number         0  isspace_o.o ABSOLUTE
    ../clib/microlib/ctype/ctype.c           0x00000000   Number         0  ispunct_o.o ABSOLUTE
    ../clib/microlib/ctype/ctype.c           0x00000000   Number         0  isprint_o.o ABSOLUTE
    ../clib/microlib/ctype/ctype.c           0x00000000   Number         0  islower_o.o ABSOLUTE
    ../clib/microlib/ctype/ctype.c           0x00000000   Number         0  isxdigit_o.o ABSOLUTE
    ../clib/microlib/ctype/ctype.c           0x00000000   Number         0  isgraph_o.o ABSOLUTE
    ../clib/microlib/ctype/ctype.c           0x00000000   Number         0  isdigit_o.o ABSOLUTE
    ../clib/microlib/ctype/ctype.c           0x00000000   Number         0  ctype_o.o ABSOLUTE
    ../clib/microlib/ctype/ctype.c           0x00000000   Number         0  ctype_c.o ABSOLUTE
    ../clib/microlib/ctype/ctype.c           0x00000000   Number         0  isalnum_o.o ABSOLUTE
    ../clib/microlib/ctype/ctype.c           0x00000000   Number         0  isalpha_o.o ABSOLUTE
    ../clib/microlib/ctype/ctype.c           0x00000000   Number         0  isblank_o.o ABSOLUTE
    ../clib/microlib/ctype/ctype.c           0x00000000   Number         0  iscntrl_o.o ABSOLUTE
    ../clib/microlib/division.c              0x00000000   Number         0  uldiv.o ABSOLUTE
    ../clib/microlib/division.c              0x00000000   Number         0  uidiv.o ABSOLUTE
    ../clib/microlib/errno.c                 0x00000000   Number         0  errno.o ABSOLUTE
    ../clib/microlib/init/entry.s            0x00000000   Number         0  entry11b.o ABSOLUTE
    ../clib/microlib/init/entry.s            0x00000000   Number         0  entry11a.o ABSOLUTE
    ../clib/microlib/init/entry.s            0x00000000   Number         0  entry10b.o ABSOLUTE
    ../clib/microlib/init/entry.s            0x00000000   Number         0  entry2.o ABSOLUTE
    ../clib/microlib/init/entry.s            0x00000000   Number         0  entry5.o ABSOLUTE
    ../clib/microlib/init/entry.s            0x00000000   Number         0  entry10a.o ABSOLUTE
    ../clib/microlib/init/entry.s            0x00000000   Number         0  entry7a.o ABSOLUTE
    ../clib/microlib/init/entry.s            0x00000000   Number         0  entry7b.o ABSOLUTE
    ../clib/microlib/init/entry.s            0x00000000   Number         0  entry8a.o ABSOLUTE
    ../clib/microlib/init/entry.s            0x00000000   Number         0  entry8b.o ABSOLUTE
    ../clib/microlib/init/entry.s            0x00000000   Number         0  entry.o ABSOLUTE
    ../clib/microlib/init/entry.s            0x00000000   Number         0  entry9a.o ABSOLUTE
    ../clib/microlib/init/entry.s            0x00000000   Number         0  entry9b.o ABSOLUTE
    ../clib/microlib/longlong.c              0x00000000   Number         0  llushr.o ABSOLUTE
    ../clib/microlib/longlong.c              0x00000000   Number         0  llsshr.o ABSOLUTE
    ../clib/microlib/longlong.c              0x00000000   Number         0  llshl.o ABSOLUTE
    ../clib/microlib/printf/printf.c         0x00000000   Number         0  printf8.o ABSOLUTE
    ../clib/microlib/printf/printf.c         0x00000000   Number         0  printf7.o ABSOLUTE
    ../clib/microlib/printf/printf.c         0x00000000   Number         0  printf6.o ABSOLUTE
    ../clib/microlib/printf/printf.c         0x00000000   Number         0  printf5.o ABSOLUTE
    ../clib/microlib/printf/printf.c         0x00000000   Number         0  printf4.o ABSOLUTE
    ../clib/microlib/printf/printf.c         0x00000000   Number         0  printfb.o ABSOLUTE
    ../clib/microlib/printf/printf.c         0x00000000   Number         0  printf3.o ABSOLUTE
    ../clib/microlib/printf/printf.c         0x00000000   Number         0  printf1.o ABSOLUTE
    ../clib/microlib/printf/printf.c         0x00000000   Number         0  printf0.o ABSOLUTE
    ../clib/microlib/printf/printf.c         0x00000000   Number         0  printf2.o ABSOLUTE
    ../clib/microlib/printf/printf.c         0x00000000   Number         0  printfa.o ABSOLUTE
    ../clib/microlib/printf/stubs.s          0x00000000   Number         0  stubs.o ABSOLUTE
    ../clib/microlib/stdio/streams.c         0x00000000   Number         0  stdout.o ABSOLUTE
    ../clib/microlib/string/memcpy.c         0x00000000   Number         0  memcpya.o ABSOLUTE
    ../clib/microlib/string/memcpy.c         0x00000000   Number         0  memcpyb.o ABSOLUTE
    ../clib/microlib/string/memset.c         0x00000000   Number         0  memseta.o ABSOLUTE
    ../clib/microlib/string/strcmp.c         0x00000000   Number         0  strcmp.o ABSOLUTE
    ../clib/microlib/string/strlen.c         0x00000000   Number         0  strlen.o ABSOLUTE
    ../clib/microlib/string/strncmp.c        0x00000000   Number         0  strncmp.o ABSOLUTE
    ../clib/microlib/string/strstr.c         0x00000000   Number         0  strstr.o ABSOLUTE
    ../clib/microlib/stubs.s                 0x00000000   Number         0  iusefp.o ABSOLUTE
    ../clib/scanf.c                          0x00000000   Number         0  _strtoul.o ABSOLUTE
    ../clib/scanf.c                          0x00000000   Number         0  scanf_char.o ABSOLUTE
    ../clib/scanf.c                          0x00000000   Number         0  _chval.o ABSOLUTE
    ../clib/scanf.c                          0x00000000   Number         0  _scanf.o ABSOLUTE
    ../clib/scanf.c                          0x00000000   Number         0  strtol.o ABSOLUTE
    ../clib/scanf.c                          0x00000000   Number         0  _sgetc.o ABSOLUTE
    ../clib/scanf.c                          0x00000000   Number         0  __0sscanf.o ABSOLUTE
    ../clib/scanf.c                          0x00000000   Number         0  atoi.o ABSOLUTE
    ../clib/scanf.c                          0x00000000   Number         0  _scanf_int.o ABSOLUTE
    ../fplib/microlib/fpadd.c                0x00000000   Number         0  dadd.o ABSOLUTE
    ../fplib/microlib/fpdiv.c                0x00000000   Number         0  ddiv.o ABSOLUTE
    ../fplib/microlib/fpepilogue.c           0x00000000   Number         0  depilogue.o ABSOLUTE
    ../fplib/microlib/fpfix.c                0x00000000   Number         0  dfixul.o ABSOLUTE
    ../fplib/microlib/fpmul.c                0x00000000   Number         0  dmul.o ABSOLUTE
    ..\CMSIS\core_cm3.c                      0x00000000   Number         0  core_cm3.o ABSOLUTE
    ..\CMSIS\startup\startup_stm32f10x_hd.s  0x00000000   Number         0  startup_stm32f10x_hd.o ABSOLUTE
    ..\CMSIS\system_stm32f10x.c              0x00000000   Number         0  system_stm32f10x.o ABSOLUTE
    ..\FWlib\src\misc.c                      0x00000000   Number         0  misc.o ABSOLUTE
    ..\FWlib\src\stm32f10x_exti.c            0x00000000   Number         0  stm32f10x_exti.o ABSOLUTE
    ..\FWlib\src\stm32f10x_flash.c           0x00000000   Number         0  stm32f10x_flash.o ABSOLUTE
    ..\FWlib\src\stm32f10x_gpio.c            0x00000000   Number         0  stm32f10x_gpio.o ABSOLUTE
    ..\FWlib\src\stm32f10x_rcc.c             0x00000000   Number         0  stm32f10x_rcc.o ABSOLUTE
    ..\FWlib\src\stm32f10x_tim.c             0x00000000   Number         0  stm32f10x_tim.o ABSOLUTE
    ..\FWlib\src\stm32f10x_usart.c           0x00000000   Number         0  stm32f10x_usart.o ABSOLUTE
    ..\\CMSIS\\core_cm3.c                    0x00000000   Number         0  core_cm3.o ABSOLUTE
    ..\mcu_sdk\at_parse.c                    0x00000000   Number         0  at_parse.o ABSOLUTE
    ..\mcu_sdk\download.c                    0x00000000   Number         0  download.o ABSOLUTE
    ..\mcu_sdk\mcu_at_system.c               0x00000000   Number         0  mcu_at_system.o ABSOLUTE
    ..\mcu_sdk\tsl_protocol.c                0x00000000   Number         0  tsl_protocol.o ABSOLUTE
    SysTick.c                                0x00000000   Number         0  systick.o ABSOLUTE
    Time_test.c                              0x00000000   Number         0  time_test.o ABSOLUTE
    cdrcmple.s                               0x00000000   Number         0  cdrcmple.o ABSOLUTE
    dc.s                                     0x00000000   Number         0  dc.o ABSOLUTE
    flash.c                                  0x00000000   Number         0  flash.o ABSOLUTE
    handlers.s                               0x00000000   Number         0  handlers.o ABSOLUTE
    init.s                                   0x00000000   Number         0  init.o ABSOLUTE
    key.c                                    0x00000000   Number         0  key.o ABSOLUTE
    led.c                                    0x00000000   Number         0  led.o ABSOLUTE
    main.c                                   0x00000000   Number         0  main.o ABSOLUTE
    stm32f10x_it.c                           0x00000000   Number         0  stm32f10x_it.o ABSOLUTE
    usart1.c                                 0x00000000   Number         0  usart1.o ABSOLUTE
    usart3.c                                 0x00000000   Number         0  usart3.o ABSOLUTE
    RESET                                    0x08002000   Section      304  startup_stm32f10x_hd.o(RESET)
    .ARM.Collect$$$$00000000                 0x08002130   Section        0  entry.o(.ARM.Collect$$$$00000000)
    .ARM.Collect$$$$00000001                 0x08002130   Section        4  entry2.o(.ARM.Collect$$$$00000001)
    .ARM.Collect$$$$00000004                 0x08002134   Section        4  entry5.o(.ARM.Collect$$$$00000004)
    .ARM.Collect$$$$00000008                 0x08002138   Section        0  entry7b.o(.ARM.Collect$$$$00000008)
    .ARM.Collect$$$$0000000A                 0x08002138   Section        0  entry8b.o(.ARM.Collect$$$$0000000A)
    .ARM.Collect$$$$0000000B                 0x08002138   Section        8  entry9a.o(.ARM.Collect$$$$0000000B)
    .ARM.Collect$$$$0000000D                 0x08002140   Section        0  entry10a.o(.ARM.Collect$$$$0000000D)
    .ARM.Collect$$$$0000000F                 0x08002140   Section        0  entry11a.o(.ARM.Collect$$$$0000000F)
    .ARM.Collect$$$$00002712                 0x08002140   Section        4  entry2.o(.ARM.Collect$$$$00002712)
    __lit__00000000                          0x08002140   Data           4  entry2.o(.ARM.Collect$$$$00002712)
    .text                                    0x08002144   Section       36  startup_stm32f10x_hd.o(.text)
    .text                                    0x08002168   Section        0  main.o(.text)
    .text                                    0x08002200   Section        0  stm32f10x_it.o(.text)
    .text                                    0x080022a8   Section        0  usart1.o(.text)
    .text                                    0x08002398   Section        0  key.o(.text)
    NVIC_Configuration                       0x08002399   Thumb Code    40  key.o(.text)
    NVIC_Configuration2                      0x08002409   Thumb Code    40  key.o(.text)
    .text                                    0x08002480   Section        0  led.o(.text)
    .text                                    0x080024b8   Section        0  time_test.o(.text)
    .text                                    0x0800253c   Section        0  usart3.o(.text)
    .text                                    0x08002650   Section        0  flash.o(.text)
    .text                                    0x080027c0   Section        0  stm32f10x_rcc.o(.text)
    .text                                    0x08002b64   Section        0  stm32f10x_gpio.o(.text)
    .text                                    0x08002ec0   Section        0  stm32f10x_usart.o(.text)
    .text                                    0x080032c8   Section        0  misc.o(.text)
    .text                                    0x080033a4   Section        0  stm32f10x_exti.o(.text)
    .text                                    0x080034c0   Section        0  stm32f10x_tim.o(.text)
    TI4_Config                               0x08003967   Thumb Code   130  stm32f10x_tim.o(.text)
    TI3_Config                               0x080039fb   Thumb Code   122  stm32f10x_tim.o(.text)
    TI2_Config                               0x08003a8f   Thumb Code   130  stm32f10x_tim.o(.text)
    TI1_Config                               0x08003b23   Thumb Code   108  stm32f10x_tim.o(.text)
    .text                                    0x080042dc   Section        0  stm32f10x_flash.o(.text)
    .text                                    0x08004898   Section        0  system_stm32f10x.o(.text)
    SetSysClockTo72                          0x08004899   Thumb Code   214  system_stm32f10x.o(.text)
    SetSysClock                              0x0800496f   Thumb Code     8  system_stm32f10x.o(.text)
    .text                                    0x08004a94   Section        0  at_parse.o(.text)
    list_add_tail                            0x08004a95   Thumb Code    14  at_parse.o(.text)
    list_move_tail                           0x08004aa3   Thumb Code    26  at_parse.o(.text)
    at_is_timeout                            0x08004c3f   Thumb Code    26  at_parse.o(.text)
    send_data                                0x08004c59   Thumb Code    18  at_parse.o(.text)
    recv_buf_clear                           0x08004c6b   Thumb Code     8  at_parse.o(.text)
    at_send_line                             0x08004c73   Thumb Code    72  at_parse.o(.text)
    print                                    0x08004cbb   Thumb Code    30  at_parse.o(.text)
    get_recv_count                           0x08004cd9   Thumb Code     8  at_parse.o(.text)
    get_recv_buf                             0x08004ce1   Thumb Code     6  at_parse.o(.text)
    search_string                            0x08004ce7   Thumb Code    22  at_parse.o(.text)
    at_isabort                               0x08004cfd   Thumb Code    24  at_parse.o(.text)
    at_reset_timer                           0x08004d15   Thumb Code    14  at_parse.o(.text)
    do_at_callbatk                           0x08004d23   Thumb Code    62  at_parse.o(.text)
    add_work                                 0x08004d61   Thumb Code    88  at_parse.o(.text)
    do_work_handler                          0x08004db9   Thumb Code    18  at_parse.o(.text)
    do_cmd_handler                           0x08004dcb   Thumb Code   252  at_parse.o(.text)
    send_signlline_handler                   0x08004ec7   Thumb Code   340  at_parse.o(.text)
    urc_handler_entry                        0x0800501b   Thumb Code    88  at_parse.o(.text)
    urc_recv_process                         0x08005073   Thumb Code   190  at_parse.o(.text)
    resp_recv_process                        0x08005131   Thumb Code    68  at_parse.o(.text)
    at_work_manager                          0x08005253   Thumb Code   124  at_parse.o(.text)
    nop_process                              0x08005335   Thumb Code     2  at_parse.o(.text)
    INIT_LIST_HEAD                           0x08005437   Thumb Code     6  at_parse.o(.text)
    list_empty                               0x0800543d   Thumb Code   156  at_parse.o(.text)
    .text                                    0x080054d8   Section        0  download.o(.text)
    Receive_Byte                             0x0800564f   Thumb Code    34  download.o(.text)
    Send_Byte                                0x0800567d   Thumb Code    14  download.o(.text)
    Receive_Packet                           0x0800568b   Thumb Code   190  download.o(.text)
    NVIC_SystemReset                         0x08005a5d   Thumb Code    26  download.o(.text)
    .text                                    0x08005bb0   Section        0  mcu_at_system.o(.text)
    get_comma_pos                            0x08005e8b   Thumb Code   112  mcu_at_system.o(.text)
    get_uart_value                           0x08005efb   Thumb Code    94  mcu_at_system.o(.text)
    .text                                    0x08006444   Section        0  tsl_protocol.o(.text)
    fn_property_Switch                       0x080064b9   Thumb Code    64  tsl_protocol.o(.text)
    fn_property_Temperature                  0x080064f9   Thumb Code    34  tsl_protocol.o(.text)
    fn_action_SystemReset                    0x0800651b   Thumb Code    46  tsl_protocol.o(.text)
    .text                                    0x08006574   Section        0  memcpya.o(.text)
    .text                                    0x08006598   Section        0  memseta.o(.text)
    .text                                    0x080065bc   Section        0  strstr.o(.text)
    .text                                    0x080065e0   Section        0  strlen.o(.text)
    .text                                    0x080065ee   Section        0  strcmp.o(.text)
    .text                                    0x0800660a   Section        0  strncmp.o(.text)
    .text                                    0x08006628   Section        0  __0sscanf.o(.text)
    .text                                    0x08006660   Section        0  _scanf_int.o(.text)
    .text                                    0x080067ac   Section        0  atoi.o(.text)
    .text                                    0x080067c6   Section        0  uidiv.o(.text)
    .text                                    0x080067f2   Section        0  uldiv.o(.text)
    .text                                    0x08006854   Section        0  _chval.o(.text)
    .text                                    0x08006870   Section        0  scanf_char.o(.text)
    _scanf_char_input                        0x08006871   Thumb Code    12  scanf_char.o(.text)
    .text                                    0x08006898   Section        0  _sgetc.o(.text)
    .text                                    0x080068d8   Section        0  strtol.o(.text)
    .text                                    0x08006948   Section        0  dadd.o(.text)
    .text                                    0x08006948   Section        0  iusefp.o(.text)
    .text                                    0x08006a96   Section        0  dmul.o(.text)
    .text                                    0x08006b7a   Section        0  ddiv.o(.text)
    .text                                    0x08006c58   Section        0  dfixul.o(.text)
    .text                                    0x08006c88   Section       48  cdrcmple.o(.text)
    .text                                    0x08006cb8   Section       36  init.o(.text)
    .text                                    0x08006cdc   Section        0  llshl.o(.text)
    .text                                    0x08006cfa   Section        0  llushr.o(.text)
    .text                                    0x08006d1a   Section        0  llsshr.o(.text)
    .text                                    0x08006d40   Section        0  ctype_o.o(.text)
    .text                                    0x08006d48   Section        0  isspace_o.o(.text)
    .text                                    0x08006d5c   Section        0  _scanf.o(.text)
    .text                                    0x08007088   Section        0  _strtoul.o(.text)
    .text                                    0x08007126   Section        0  depilogue.o(.text)
    .text                                    0x080071e0   Section        0  __dczerorl2.o(.text)
    i.__0printf                              0x08007238   Section        0  printfa.o(i.__0printf)
    i.__0sprintf                             0x08007258   Section        0  printfa.o(i.__0sprintf)
    i.__0vsnprintf                           0x08007280   Section        0  printfa.o(i.__0vsnprintf)
    i.__aeabi_errno_addr                     0x080072a4   Section        0  errno.o(i.__aeabi_errno_addr)
    i.__scatterload_copy                     0x080072ac   Section       14  handlers.o(i.__scatterload_copy)
    i.__scatterload_null                     0x080072ba   Section        2  handlers.o(i.__scatterload_null)
    i.__scatterload_zeroinit                 0x080072bc   Section       14  handlers.o(i.__scatterload_zeroinit)
    i._fp_digits                             0x080072cc   Section        0  printfa.o(i._fp_digits)
    _fp_digits                               0x080072cd   Thumb Code   334  printfa.o(i._fp_digits)
    i._printf_core                           0x08007430   Section        0  printfa.o(i._printf_core)
    _printf_core                             0x08007431   Thumb Code  1744  printfa.o(i._printf_core)
    i._printf_post_padding                   0x08007b0c   Section        0  printfa.o(i._printf_post_padding)
    _printf_post_padding                     0x08007b0d   Thumb Code    36  printfa.o(i._printf_post_padding)
    i._printf_pre_padding                    0x08007b30   Section        0  printfa.o(i._printf_pre_padding)
    _printf_pre_padding                      0x08007b31   Thumb Code    46  printfa.o(i._printf_pre_padding)
    i._snputc                                0x08007b5e   Section        0  printfa.o(i._snputc)
    _snputc                                  0x08007b5f   Thumb Code    22  printfa.o(i._snputc)
    i._sputc                                 0x08007b74   Section        0  printfa.o(i._sputc)
    _sputc                                   0x08007b75   Thumb Code    10  printfa.o(i._sputc)
    .constdata                               0x08007b80   Section      132  at_parse.o(.constdata)
    urc_table                                0x08007b80   Data          88  at_parse.o(.constdata)
    at_adapter                               0x08007bd8   Data          32  at_parse.o(.constdata)
    work_handler_table                       0x08007bf8   Data          12  at_parse.o(.constdata)
    .constdata                               0x08007c04   Section       96  tsl_protocol.o(.constdata)
    .constdata                               0x08007c64   Section      129  ctype_o.o(.constdata)
    .constdata                               0x08007ce8   Section        4  ctype_o.o(.constdata)
    table                                    0x08007ce8   Data           4  ctype_o.o(.constdata)
    .conststring                             0x08007cec   Section      119  at_parse.o(.conststring)
    .conststring                             0x08007d64   Section        5  tsl_protocol.o(.conststring)
    .conststrlit                             0x08007d6c   Section        9  at_parse.o(.conststrlit)
    init.item.0                              0x08007d98   Section        8  at_parse.o(init.item.0)
    init.item.2                              0x08007da0   Section        8  at_parse.o(init.item.2)
    __tagsym$$used                           0x08007da0   Number         0  at_parse.o(init.item.2)
    init.item.4                              0x08007da8   Section        8  at_parse.o(init.item.4)
    task.item.0                              0x08007db0   Section       16  at_parse.o(task.item.0)
    task.item.1                              0x08007dc0   Section       16  at_parse.o(task.item.1)
    __tagsym$$used                           0x08007dc0   Number         0  at_parse.o(task.item.1)
    task.item.2                              0x08007dd0   Section       16  at_parse.o(task.item.2)
    .data                                    0x20000000   Section        8  main.o(.data)
    .data                                    0x20000008   Section       20  stm32f10x_rcc.o(.data)
    APBAHBPrescTable                         0x20000008   Data          16  stm32f10x_rcc.o(.data)
    ADCPrescTable                            0x20000018   Data           4  stm32f10x_rcc.o(.data)
    .data                                    0x2000001c   Section       20  system_stm32f10x.o(.data)
    .data                                    0x20000030   Section       12  at_parse.o(.data)
    tick                                     0x20000030   Data           4  at_parse.o(.data)
    flag                                     0x20000034   Data           4  at_parse.o(.data)
    __task_timer_wifi_task                   0x20000038   Data           4  at_parse.o(.data)
    .data                                    0x2000003c   Section        4  download.o(.data)
    FlashDestination                         0x2000003c   Data           4  download.o(.data)
    .data                                    0x20000040   Section      496  tsl_protocol.o(.data)
    .data                                    0x20000230   Section        4  stdout.o(.data)
    .data                                    0x20000234   Section        4  errno.o(.data)
    _errno                                   0x20000234   Data           4  errno.o(.data)
    .bss                                     0x20000238   Section     1024  flash.o(.bss)
    .bss                                     0x20000638   Section     4828  at_parse.o(.bss)
    wifi_recvbuf                             0x20000774   Data         256  at_parse.o(.bss)
    wifi_urcbuf                              0x20000874   Data         128  at_parse.o(.bss)
    rbsend                                   0x200008f4   Data          16  at_parse.o(.bss)
    rbrecv                                   0x20000904   Data          16  at_parse.o(.bss)
    rxbuf                                    0x20000914   Data        2048  at_parse.o(.bss)
    txbuf                                    0x20001114   Data        2048  at_parse.o(.bss)
    .bss                                     0x20001914   Section     1280  download.o(.bss)
    tab_1024                                 0x20001914   Data        1024  download.o(.bss)
    file_name                                0x20001d14   Data         256  download.o(.bss)
    STACK                                    0x20001e18   Section     1024  startup_stm32f10x_hd.o(STACK)

    Global Symbols

    Symbol Name                              Value     Ov Type        Size  Object(Section)

    BuildAttributes$$THM_ISAv4$P$D$K$B$S$PE$A:L22UL41UL21$X:L11$S22US41US21$IEEE1$IW$USESV6$~STKCKD$USESV7$~SHL$OSPACE$ROPI$EBA8$MICROLIB$REQ8$PRES8$EABIv2 0x00000000   Number         0  anon$$obj.o ABSOLUTE
    __ARM_use_no_argv                        0x00000000   Number         0  main.o ABSOLUTE
    _printf_a                                0x00000000   Number         0  stubs.o ABSOLUTE
    _printf_c                                0x00000000   Number         0  stubs.o ABSOLUTE
    _printf_charcount                        0x00000000   Number         0  stubs.o ABSOLUTE
    _printf_d                                0x00000000   Number         0  stubs.o ABSOLUTE
    _printf_e                                0x00000000   Number         0  stubs.o ABSOLUTE
    _printf_f                                0x00000000   Number         0  stubs.o ABSOLUTE
    _printf_flags                            0x00000000   Number         0  stubs.o ABSOLUTE
    _printf_fp_dec                           0x00000000   Number         0  stubs.o ABSOLUTE
    _printf_fp_hex                           0x00000000   Number         0  stubs.o ABSOLUTE
    _printf_g                                0x00000000   Number         0  stubs.o ABSOLUTE
    _printf_i                                0x00000000   Number         0  stubs.o ABSOLUTE
    _printf_int_dec                          0x00000000   Number         0  stubs.o ABSOLUTE
    _printf_l                                0x00000000   Number         0  stubs.o ABSOLUTE
    _printf_lc                               0x00000000   Number         0  stubs.o ABSOLUTE
    _printf_ll                               0x00000000   Number         0  stubs.o ABSOLUTE
    _printf_lld                              0x00000000   Number         0  stubs.o ABSOLUTE
    _printf_lli                              0x00000000   Number         0  stubs.o ABSOLUTE
    _printf_llo                              0x00000000   Number         0  stubs.o ABSOLUTE
    _printf_llu                              0x00000000   Number         0  stubs.o ABSOLUTE
    _printf_llx                              0x00000000   Number         0  stubs.o ABSOLUTE
    _printf_longlong_dec                     0x00000000   Number         0  stubs.o ABSOLUTE
    _printf_longlong_hex                     0x00000000   Number         0  stubs.o ABSOLUTE
    _printf_longlong_oct                     0x00000000   Number         0  stubs.o ABSOLUTE
    _printf_ls                               0x00000000   Number         0  stubs.o ABSOLUTE
    _printf_mbtowc                           0x00000000   Number         0  stubs.o ABSOLUTE
    _printf_n                                0x00000000   Number         0  stubs.o ABSOLUTE
    _printf_o                                0x00000000   Number         0  stubs.o ABSOLUTE
    _printf_p                                0x00000000   Number         0  stubs.o ABSOLUTE
    _printf_percent                          0x00000000   Number         0  stubs.o ABSOLUTE
    _printf_pre_padding                      0x00000000   Number         0  stubs.o ABSOLUTE
    _printf_return_value                     0x00000000   Number         0  stubs.o ABSOLUTE
    _printf_s                                0x00000000   Number         0  stubs.o ABSOLUTE
    _printf_sizespec                         0x00000000   Number         0  stubs.o ABSOLUTE
    _printf_str                              0x00000000   Number         0  stubs.o ABSOLUTE
    _printf_truncate_signed                  0x00000000   Number         0  stubs.o ABSOLUTE
    _printf_truncate_unsigned                0x00000000   Number         0  stubs.o ABSOLUTE
    _printf_u                                0x00000000   Number         0  stubs.o ABSOLUTE
    _printf_wc                               0x00000000   Number         0  stubs.o ABSOLUTE
    _printf_wctomb                           0x00000000   Number         0  stubs.o ABSOLUTE
    _printf_widthprec                        0x00000000   Number         0  stubs.o ABSOLUTE
    _printf_x                                0x00000000   Number         0  stubs.o ABSOLUTE
    __cpp_initialize__aeabi_                  - Undefined Weak Reference
    __cxa_finalize                            - Undefined Weak Reference
    _clock_init                               - Undefined Weak Reference
    _microlib_exit                            - Undefined Weak Reference
    _scanf_longlong                           - Undefined Weak Reference
    _scanf_real                               - Undefined Weak Reference
    _scanf_string                             - Undefined Weak Reference
    __Vectors_Size                           0x00000130   Number         0  startup_stm32f10x_hd.o ABSOLUTE
    __Vectors                                0x08002000   Data           4  startup_stm32f10x_hd.o(RESET)
    __Vectors_End                            0x08002130   Data           0  startup_stm32f10x_hd.o(RESET)
    __main                                   0x08002131   Thumb Code     0  entry.o(.ARM.Collect$$$$00000000)
    _main_stk                                0x08002131   Thumb Code     0  entry2.o(.ARM.Collect$$$$00000001)
    _main_scatterload                        0x08002135   Thumb Code     0  entry5.o(.ARM.Collect$$$$00000004)
    __main_after_scatterload                 0x08002139   Thumb Code     0  entry5.o(.ARM.Collect$$$$00000004)
    _main_clock                              0x08002139   Thumb Code     0  entry7b.o(.ARM.Collect$$$$00000008)
    _main_cpp_init                           0x08002139   Thumb Code     0  entry8b.o(.ARM.Collect$$$$0000000A)
    _main_init                               0x08002139   Thumb Code     0  entry9a.o(.ARM.Collect$$$$0000000B)
    __rt_final_cpp                           0x08002141   Thumb Code     0  entry10a.o(.ARM.Collect$$$$0000000D)
    __rt_final_exit                          0x08002141   Thumb Code     0  entry11a.o(.ARM.Collect$$$$0000000F)
    Reset_Handler                            0x08002145   Thumb Code     8  startup_stm32f10x_hd.o(.text)
    ADC1_2_IRQHandler                        0x0800215f   Thumb Code     0  startup_stm32f10x_hd.o(.text)
    ADC3_IRQHandler                          0x0800215f   Thumb Code     0  startup_stm32f10x_hd.o(.text)
    CAN1_RX1_IRQHandler                      0x0800215f   Thumb Code     0  startup_stm32f10x_hd.o(.text)
    CAN1_SCE_IRQHandler                      0x0800215f   Thumb Code     0  startup_stm32f10x_hd.o(.text)
    DMA1_Channel1_IRQHandler                 0x0800215f   Thumb Code     0  startup_stm32f10x_hd.o(.text)
    DMA1_Channel2_IRQHandler                 0x0800215f   Thumb Code     0  startup_stm32f10x_hd.o(.text)
    DMA1_Channel3_IRQHandler                 0x0800215f   Thumb Code     0  startup_stm32f10x_hd.o(.text)
    DMA1_Channel4_IRQHandler                 0x0800215f   Thumb Code     0  startup_stm32f10x_hd.o(.text)
    DMA1_Channel5_IRQHandler                 0x0800215f   Thumb Code     0  startup_stm32f10x_hd.o(.text)
    DMA1_Channel6_IRQHandler                 0x0800215f   Thumb Code     0  startup_stm32f10x_hd.o(.text)
    DMA1_Channel7_IRQHandler                 0x0800215f   Thumb Code     0  startup_stm32f10x_hd.o(.text)
    DMA2_Channel1_IRQHandler                 0x0800215f   Thumb Code     0  startup_stm32f10x_hd.o(.text)
    DMA2_Channel2_IRQHandler                 0x0800215f   Thumb Code     0  startup_stm32f10x_hd.o(.text)
    DMA2_Channel3_IRQHandler                 0x0800215f   Thumb Code     0  startup_stm32f10x_hd.o(.text)
    DMA2_Channel4_5_IRQHandler               0x0800215f   Thumb Code     0  startup_stm32f10x_hd.o(.text)
    EXTI0_IRQHandler                         0x0800215f   Thumb Code     0  startup_stm32f10x_hd.o(.text)
    EXTI1_IRQHandler                         0x0800215f   Thumb Code     0  startup_stm32f10x_hd.o(.text)
    EXTI2_IRQHandler                         0x0800215f   Thumb Code     0  startup_stm32f10x_hd.o(.text)
    EXTI3_IRQHandler                         0x0800215f   Thumb Code     0  startup_stm32f10x_hd.o(.text)
    EXTI9_5_IRQHandler                       0x0800215f   Thumb Code     0  startup_stm32f10x_hd.o(.text)
    FLASH_IRQHandler                         0x0800215f   Thumb Code     0  startup_stm32f10x_hd.o(.text)
    FSMC_IRQHandler                          0x0800215f   Thumb Code     0  startup_stm32f10x_hd.o(.text)
    I2C1_ER_IRQHandler                       0x0800215f   Thumb Code     0  startup_stm32f10x_hd.o(.text)
    I2C1_EV_IRQHandler                       0x0800215f   Thumb Code     0  startup_stm32f10x_hd.o(.text)
    I2C2_ER_IRQHandler                       0x0800215f   Thumb Code     0  startup_stm32f10x_hd.o(.text)
    I2C2_EV_IRQHandler                       0x0800215f   Thumb Code     0  startup_stm32f10x_hd.o(.text)
    PVD_IRQHandler                           0x0800215f   Thumb Code     0  startup_stm32f10x_hd.o(.text)
    RCC_IRQHandler                           0x0800215f   Thumb Code     0  startup_stm32f10x_hd.o(.text)
    RTCAlarm_IRQHandler                      0x0800215f   Thumb Code     0  startup_stm32f10x_hd.o(.text)
    RTC_IRQHandler                           0x0800215f   Thumb Code     0  startup_stm32f10x_hd.o(.text)
    SDIO_IRQHandler                          0x0800215f   Thumb Code     0  startup_stm32f10x_hd.o(.text)
    SPI1_IRQHandler                          0x0800215f   Thumb Code     0  startup_stm32f10x_hd.o(.text)
    SPI2_IRQHandler                          0x0800215f   Thumb Code     0  startup_stm32f10x_hd.o(.text)
    SPI3_IRQHandler                          0x0800215f   Thumb Code     0  startup_stm32f10x_hd.o(.text)
    TAMPER_IRQHandler                        0x0800215f   Thumb Code     0  startup_stm32f10x_hd.o(.text)
    TIM1_BRK_IRQHandler                      0x0800215f   Thumb Code     0  startup_stm32f10x_hd.o(.text)
    TIM1_CC_IRQHandler                       0x0800215f   Thumb Code     0  startup_stm32f10x_hd.o(.text)
    TIM1_TRG_COM_IRQHandler                  0x0800215f   Thumb Code     0  startup_stm32f10x_hd.o(.text)
    TIM1_UP_IRQHandler                       0x0800215f   Thumb Code     0  startup_stm32f10x_hd.o(.text)
    TIM3_IRQHandler                          0x0800215f   Thumb Code     0  startup_stm32f10x_hd.o(.text)
    TIM4_IRQHandler                          0x0800215f   Thumb Code     0  startup_stm32f10x_hd.o(.text)
    TIM5_IRQHandler                          0x0800215f   Thumb Code     0  startup_stm32f10x_hd.o(.text)
    TIM6_IRQHandler                          0x0800215f   Thumb Code     0  startup_stm32f10x_hd.o(.text)
    TIM7_IRQHandler                          0x0800215f   Thumb Code     0  startup_stm32f10x_hd.o(.text)
    TIM8_BRK_IRQHandler                      0x0800215f   Thumb Code     0  startup_stm32f10x_hd.o(.text)
    TIM8_CC_IRQHandler                       0x0800215f   Thumb Code     0  startup_stm32f10x_hd.o(.text)
    TIM8_TRG_COM_IRQHandler                  0x0800215f   Thumb Code     0  startup_stm32f10x_hd.o(.text)
    TIM8_UP_IRQHandler                       0x0800215f   Thumb Code     0  startup_stm32f10x_hd.o(.text)
    UART4_IRQHandler                         0x0800215f   Thumb Code     0  startup_stm32f10x_hd.o(.text)
    UART5_IRQHandler                         0x0800215f   Thumb Code     0  startup_stm32f10x_hd.o(.text)
    USART2_IRQHandler                        0x0800215f   Thumb Code     0  startup_stm32f10x_hd.o(.text)
    USART3_IRQHandler                        0x0800215f   Thumb Code     0  startup_stm32f10x_hd.o(.text)
    USBWakeUp_IRQHandler                     0x0800215f   Thumb Code     0  startup_stm32f10x_hd.o(.text)
    USB_HP_CAN1_TX_IRQHandler                0x0800215f   Thumb Code     0  startup_stm32f10x_hd.o(.text)
    USB_LP_CAN1_RX0_IRQHandler               0x0800215f   Thumb Code     0  startup_stm32f10x_hd.o(.text)
    WWDG_IRQHandler                          0x0800215f   Thumb Code     0  startup_stm32f10x_hd.o(.text)
    main                                     0x08002169   Thumb Code   104  main.o(.text)
    NMI_Handler                              0x08002201   Thumb Code     2  stm32f10x_it.o(.text)
    HardFault_Handler                        0x08002203   Thumb Code     4  stm32f10x_it.o(.text)
    MemManage_Handler                        0x08002207   Thumb Code     4  stm32f10x_it.o(.text)
    BusFault_Handler                         0x0800220b   Thumb Code     4  stm32f10x_it.o(.text)
    TIM2_IRQHandler                          0x0800220f   Thumb Code    28  stm32f10x_it.o(.text)
    UsageFault_Handler                       0x0800222b   Thumb Code     4  stm32f10x_it.o(.text)
    SVC_Handler                              0x0800222f   Thumb Code     2  stm32f10x_it.o(.text)
    DebugMon_Handler                         0x08002231   Thumb Code     2  stm32f10x_it.o(.text)
    PendSV_Handler                           0x08002233   Thumb Code     2  stm32f10x_it.o(.text)
    SysTick_Handler                          0x08002235   Thumb Code     2  stm32f10x_it.o(.text)
    EXTI4_IRQHandler                         0x08002237   Thumb Code    56  stm32f10x_it.o(.text)
    EXTI15_10_IRQHandler                     0x0800226f   Thumb Code    50  stm32f10x_it.o(.text)
    USART1_Config                            0x080022a9   Thumb Code   126  usart1.o(.text)
    NVIC_usart1_Configuration                0x08002327   Thumb Code    42  usart1.o(.text)
    NVIC_usart1_Configuration_Disable        0x08002351   Thumb Code    40  usart1.o(.text)
    UART1_SendByte                           0x08002379   Thumb Code    22  usart1.o(.text)
    EXTI_PE4_Config                          0x080023c1   Thumb Code    72  key.o(.text)
    EXTI_PE12_Config                         0x08002431   Thumb Code    76  key.o(.text)
    LED_GPIO_Config                          0x08002481   Thumb Code    50  led.o(.text)
    TIM2_NVIC_Configuration                  0x080024b9   Thumb Code    42  time_test.o(.text)
    TIM2_Configuration                       0x080024e3   Thumb Code    88  time_test.o(.text)
    USART3_Config                            0x0800253d   Thumb Code   132  usart3.o(.text)
    NVIC_usart3_Configuration                0x080025c1   Thumb Code    42  usart3.o(.text)
    NVIC_usart3_Configuration_Disable        0x080025eb   Thumb Code    40  usart3.o(.text)
    fputc                                    0x08002613   Thumb Code    32  usart3.o(.text)
    UART3_SendByte                           0x08002633   Thumb Code    22  usart3.o(.text)
    FlashWrite                               0x08002651   Thumb Code   110  flash.o(.text)
    Readflash                                0x080026bf   Thumb Code    20  flash.o(.text)
    FlashErase                               0x080026d3   Thumb Code    62  flash.o(.text)
    Writeflash                               0x08002711   Thumb Code    48  flash.o(.text)
    ReadFlashTest                            0x08002741   Thumb Code    26  flash.o(.text)
    update_firmware                          0x0800275b   Thumb Code    40  flash.o(.text)
    RCC_DeInit                               0x080027c1   Thumb Code    64  stm32f10x_rcc.o(.text)
    RCC_HSEConfig                            0x08002801   Thumb Code    70  stm32f10x_rcc.o(.text)
    RCC_GetFlagStatus                        0x08002847   Thumb Code    56  stm32f10x_rcc.o(.text)
    RCC_WaitForHSEStartUp                    0x0800287f   Thumb Code    56  stm32f10x_rcc.o(.text)
    RCC_AdjustHSICalibrationValue            0x080028b7   Thumb Code    20  stm32f10x_rcc.o(.text)
    RCC_HSICmd                               0x080028cb   Thumb Code     6  stm32f10x_rcc.o(.text)
    RCC_PLLConfig                            0x080028d1   Thumb Code    24  stm32f10x_rcc.o(.text)
    RCC_PLLCmd                               0x080028e9   Thumb Code     6  stm32f10x_rcc.o(.text)
    RCC_SYSCLKConfig                         0x080028ef   Thumb Code    18  stm32f10x_rcc.o(.text)
    RCC_GetSYSCLKSource                      0x08002901   Thumb Code    10  stm32f10x_rcc.o(.text)
    RCC_HCLKConfig                           0x0800290b   Thumb Code    18  stm32f10x_rcc.o(.text)
    RCC_PCLK1Config                          0x0800291d   Thumb Code    18  stm32f10x_rcc.o(.text)
    RCC_PCLK2Config                          0x0800292f   Thumb Code    20  stm32f10x_rcc.o(.text)
    RCC_ITConfig                             0x08002943   Thumb Code    26  stm32f10x_rcc.o(.text)
    RCC_USBCLKConfig                         0x0800295d   Thumb Code     8  stm32f10x_rcc.o(.text)
    RCC_ADCCLKConfig                         0x08002965   Thumb Code    18  stm32f10x_rcc.o(.text)
    RCC_LSEConfig                            0x08002977   Thumb Code    50  stm32f10x_rcc.o(.text)
    RCC_LSICmd                               0x080029a9   Thumb Code     6  stm32f10x_rcc.o(.text)
    RCC_RTCCLKConfig                         0x080029af   Thumb Code    12  stm32f10x_rcc.o(.text)
    RCC_RTCCLKCmd                            0x080029bb   Thumb Code     8  stm32f10x_rcc.o(.text)
    RCC_GetClocksFreq                        0x080029c3   Thumb Code   192  stm32f10x_rcc.o(.text)
    RCC_AHBPeriphClockCmd                    0x08002a83   Thumb Code    26  stm32f10x_rcc.o(.text)
    RCC_APB2PeriphClockCmd                   0x08002a9d   Thumb Code    26  stm32f10x_rcc.o(.text)
    RCC_APB1PeriphClockCmd                   0x08002ab7   Thumb Code    26  stm32f10x_rcc.o(.text)
    RCC_APB2PeriphResetCmd                   0x08002ad1   Thumb Code    26  stm32f10x_rcc.o(.text)
    RCC_APB1PeriphResetCmd                   0x08002aeb   Thumb Code    26  stm32f10x_rcc.o(.text)
    RCC_BackupResetCmd                       0x08002b05   Thumb Code     8  stm32f10x_rcc.o(.text)
    RCC_ClockSecuritySystemCmd               0x08002b0d   Thumb Code     6  stm32f10x_rcc.o(.text)
    RCC_MCOConfig                            0x08002b13   Thumb Code     6  stm32f10x_rcc.o(.text)
    RCC_ClearFlag                            0x08002b19   Thumb Code    14  stm32f10x_rcc.o(.text)
    RCC_GetITStatus                          0x08002b27   Thumb Code    20  stm32f10x_rcc.o(.text)
    RCC_ClearITPendingBit                    0x08002b3b   Thumb Code     6  stm32f10x_rcc.o(.text)
    GPIO_DeInit                              0x08002b65   Thumb Code   172  stm32f10x_gpio.o(.text)
    GPIO_AFIODeInit                          0x08002c11   Thumb Code    20  stm32f10x_gpio.o(.text)
    GPIO_Init                                0x08002c25   Thumb Code   278  stm32f10x_gpio.o(.text)
    GPIO_StructInit                          0x08002d3b   Thumb Code    16  stm32f10x_gpio.o(.text)
    GPIO_ReadInputDataBit                    0x08002d4b   Thumb Code    18  stm32f10x_gpio.o(.text)
    GPIO_ReadInputData                       0x08002d5d   Thumb Code     8  stm32f10x_gpio.o(.text)
    GPIO_ReadOutputDataBit                   0x08002d65   Thumb Code    18  stm32f10x_gpio.o(.text)
    GPIO_ReadOutputData                      0x08002d77   Thumb Code     8  stm32f10x_gpio.o(.text)
    GPIO_SetBits                             0x08002d7f   Thumb Code     4  stm32f10x_gpio.o(.text)
    GPIO_ResetBits                           0x08002d83   Thumb Code     4  stm32f10x_gpio.o(.text)
    GPIO_WriteBit                            0x08002d87   Thumb Code    10  stm32f10x_gpio.o(.text)
    GPIO_Write                               0x08002d91   Thumb Code     4  stm32f10x_gpio.o(.text)
    GPIO_PinLockConfig                       0x08002d95   Thumb Code    18  stm32f10x_gpio.o(.text)
    GPIO_EventOutputConfig                   0x08002da7   Thumb Code    26  stm32f10x_gpio.o(.text)
    GPIO_EventOutputCmd                      0x08002dc1   Thumb Code     6  stm32f10x_gpio.o(.text)
    GPIO_PinRemapConfig                      0x08002dc7   Thumb Code   138  stm32f10x_gpio.o(.text)
    GPIO_EXTILineConfig                      0x08002e51   Thumb Code    66  stm32f10x_gpio.o(.text)
    GPIO_ETH_MediaInterfaceConfig            0x08002e93   Thumb Code     8  stm32f10x_gpio.o(.text)
    USART_DeInit                             0x08002ec1   Thumb Code   134  stm32f10x_usart.o(.text)
    USART_Init                               0x08002f47   Thumb Code   210  stm32f10x_usart.o(.text)
    USART_StructInit                         0x08003019   Thumb Code    24  stm32f10x_usart.o(.text)
    USART_ClockInit                          0x08003031   Thumb Code    34  stm32f10x_usart.o(.text)
    USART_ClockStructInit                    0x08003053   Thumb Code    12  stm32f10x_usart.o(.text)
    USART_Cmd                                0x0800305f   Thumb Code    24  stm32f10x_usart.o(.text)
    USART_ITConfig                           0x08003077   Thumb Code    74  stm32f10x_usart.o(.text)
    USART_DMACmd                             0x080030c1   Thumb Code    18  stm32f10x_usart.o(.text)
    USART_SetAddress                         0x080030d3   Thumb Code    18  stm32f10x_usart.o(.text)
    USART_WakeUpConfig                       0x080030e5   Thumb Code    18  stm32f10x_usart.o(.text)
    USART_ReceiverWakeUpCmd                  0x080030f7   Thumb Code    24  stm32f10x_usart.o(.text)
    USART_LINBreakDetectLengthConfig         0x0800310f   Thumb Code    18  stm32f10x_usart.o(.text)
    USART_LINCmd                             0x08003121   Thumb Code    24  stm32f10x_usart.o(.text)
    USART_SendData                           0x08003139   Thumb Code     8  stm32f10x_usart.o(.text)
    USART_ReceiveData                        0x08003141   Thumb Code    10  stm32f10x_usart.o(.text)
    USART_SendBreak                          0x0800314b   Thumb Code    10  stm32f10x_usart.o(.text)
    USART_SetGuardTime                       0x08003155   Thumb Code    16  stm32f10x_usart.o(.text)
    USART_SetPrescaler                       0x08003165   Thumb Code    16  stm32f10x_usart.o(.text)
    USART_SmartCardCmd                       0x08003175   Thumb Code    24  stm32f10x_usart.o(.text)
    USART_SmartCardNACKCmd                   0x0800318d   Thumb Code    24  stm32f10x_usart.o(.text)
    USART_HalfDuplexCmd                      0x080031a5   Thumb Code    24  stm32f10x_usart.o(.text)
    USART_OverSampling8Cmd                   0x080031bd   Thumb Code    22  stm32f10x_usart.o(.text)
    USART_OneBitMethodCmd                    0x080031d3   Thumb Code    24  stm32f10x_usart.o(.text)
    USART_IrDAConfig                         0x080031eb   Thumb Code    18  stm32f10x_usart.o(.text)
    USART_IrDACmd                            0x080031fd   Thumb Code    24  stm32f10x_usart.o(.text)
    USART_GetFlagStatus                      0x08003215   Thumb Code    26  stm32f10x_usart.o(.text)
    USART_ClearFlag                          0x0800322f   Thumb Code    18  stm32f10x_usart.o(.text)
    USART_GetITStatus                        0x08003241   Thumb Code    84  stm32f10x_usart.o(.text)
    USART_ClearITPendingBit                  0x08003295   Thumb Code    52  stm32f10x_usart.o(.text)
    NVIC_PriorityGroupConfig                 0x080032c9   Thumb Code    10  misc.o(.text)
    NVIC_Init                                0x080032d3   Thumb Code   100  misc.o(.text)
    NVIC_SetVectorTable                      0x08003337   Thumb Code    14  misc.o(.text)
    NVIC_SystemLPConfig                      0x08003345   Thumb Code    34  misc.o(.text)
    SysTick_CLKSourceConfig                  0x08003367   Thumb Code    40  misc.o(.text)
    EXTI_DeInit                              0x080033a5   Thumb Code    28  stm32f10x_exti.o(.text)
    EXTI_Init                                0x080033c1   Thumb Code   142  stm32f10x_exti.o(.text)
    EXTI_StructInit                          0x0800344f   Thumb Code    16  stm32f10x_exti.o(.text)
    EXTI_GenerateSWInterrupt                 0x0800345f   Thumb Code    16  stm32f10x_exti.o(.text)
    EXTI_GetFlagStatus                       0x0800346f   Thumb Code    22  stm32f10x_exti.o(.text)
    EXTI_ClearFlag                           0x08003485   Thumb Code     8  stm32f10x_exti.o(.text)
    EXTI_GetITStatus                         0x0800348d   Thumb Code    34  stm32f10x_exti.o(.text)
    EXTI_ClearITPendingBit                   0x080034af   Thumb Code     8  stm32f10x_exti.o(.text)
    TIM_DeInit                               0x080034c1   Thumb Code   424  stm32f10x_tim.o(.text)
    TIM_TimeBaseInit                         0x08003669   Thumb Code   122  stm32f10x_tim.o(.text)
    TIM_OC1Init                              0x080036e3   Thumb Code   132  stm32f10x_tim.o(.text)
    TIM_OC2Init                              0x08003767   Thumb Code   154  stm32f10x_tim.o(.text)
    TIM_OC3Init                              0x08003801   Thumb Code   150  stm32f10x_tim.o(.text)
    TIM_OC4Init                              0x08003897   Thumb Code   182  stm32f10x_tim.o(.text)
    TIM_SetIC4Prescaler                      0x0800394d   Thumb Code    26  stm32f10x_tim.o(.text)
    TIM_SetIC3Prescaler                      0x080039e9   Thumb Code    18  stm32f10x_tim.o(.text)
    TIM_SetIC2Prescaler                      0x08003a75   Thumb Code    26  stm32f10x_tim.o(.text)
    TIM_SetIC1Prescaler                      0x08003b11   Thumb Code    18  stm32f10x_tim.o(.text)
    TIM_ICInit                               0x08003b8f   Thumb Code   150  stm32f10x_tim.o(.text)
    TIM_PWMIConfig                           0x08003c25   Thumb Code   124  stm32f10x_tim.o(.text)
    TIM_BDTRConfig                           0x08003ca1   Thumb Code    32  stm32f10x_tim.o(.text)
    TIM_TimeBaseStructInit                   0x08003cc1   Thumb Code    18  stm32f10x_tim.o(.text)
    TIM_OCStructInit                         0x08003cd3   Thumb Code    20  stm32f10x_tim.o(.text)
    TIM_ICStructInit                         0x08003ce7   Thumb Code    18  stm32f10x_tim.o(.text)
    TIM_BDTRStructInit                       0x08003cf9   Thumb Code    40  stm32f10x_tim.o(.text)
    TIM_Cmd                                  0x08003d21   Thumb Code    24  stm32f10x_tim.o(.text)
    TIM_CtrlPWMOutputs                       0x08003d39   Thumb Code    30  stm32f10x_tim.o(.text)
    TIM_ITConfig                             0x08003d57   Thumb Code    18  stm32f10x_tim.o(.text)
    TIM_GenerateEvent                        0x08003d69   Thumb Code     4  stm32f10x_tim.o(.text)
    TIM_DMAConfig                            0x08003d6d   Thumb Code    10  stm32f10x_tim.o(.text)
    TIM_DMACmd                               0x08003d77   Thumb Code    18  stm32f10x_tim.o(.text)
    TIM_InternalClockConfig                  0x08003d89   Thumb Code    12  stm32f10x_tim.o(.text)
    TIM_SelectInputTrigger                   0x08003d95   Thumb Code    18  stm32f10x_tim.o(.text)
    TIM_ITRxExternalClockConfig              0x08003da7   Thumb Code    24  stm32f10x_tim.o(.text)
    TIM_TIxExternalClockConfig               0x08003dbf   Thumb Code    62  stm32f10x_tim.o(.text)
    TIM_ETRConfig                            0x08003dfd   Thumb Code    28  stm32f10x_tim.o(.text)
    TIM_ETRClockMode1Config                  0x08003e19   Thumb Code    54  stm32f10x_tim.o(.text)
    TIM_ETRClockMode2Config                  0x08003e4f   Thumb Code    32  stm32f10x_tim.o(.text)
    TIM_PrescalerConfig                      0x08003e6f   Thumb Code     6  stm32f10x_tim.o(.text)
    TIM_CounterModeConfig                    0x08003e75   Thumb Code    18  stm32f10x_tim.o(.text)
    TIM_EncoderInterfaceConfig               0x08003e87   Thumb Code    66  stm32f10x_tim.o(.text)
    TIM_ForcedOC1Config                      0x08003ec9   Thumb Code    18  stm32f10x_tim.o(.text)
    TIM_ForcedOC2Config                      0x08003edb   Thumb Code    26  stm32f10x_tim.o(.text)
    TIM_ForcedOC3Config                      0x08003ef5   Thumb Code    18  stm32f10x_tim.o(.text)
    TIM_ForcedOC4Config                      0x08003f07   Thumb Code    26  stm32f10x_tim.o(.text)
    TIM_ARRPreloadConfig                     0x08003f21   Thumb Code    24  stm32f10x_tim.o(.text)
    TIM_SelectCOM                            0x08003f39   Thumb Code    24  stm32f10x_tim.o(.text)
    TIM_SelectCCDMA                          0x08003f51   Thumb Code    24  stm32f10x_tim.o(.text)
    TIM_CCPreloadControl                     0x08003f69   Thumb Code    24  stm32f10x_tim.o(.text)
    TIM_OC1PreloadConfig                     0x08003f81   Thumb Code    18  stm32f10x_tim.o(.text)
    TIM_OC2PreloadConfig                     0x08003f93   Thumb Code    26  stm32f10x_tim.o(.text)
    TIM_OC3PreloadConfig                     0x08003fad   Thumb Code    18  stm32f10x_tim.o(.text)
    TIM_OC4PreloadConfig                     0x08003fbf   Thumb Code    26  stm32f10x_tim.o(.text)
    TIM_OC1FastConfig                        0x08003fd9   Thumb Code    18  stm32f10x_tim.o(.text)
    TIM_OC2FastConfig                        0x08003feb   Thumb Code    26  stm32f10x_tim.o(.text)
    TIM_OC3FastConfig                        0x08004005   Thumb Code    18  stm32f10x_tim.o(.text)
    TIM_OC4FastConfig                        0x08004017   Thumb Code    26  stm32f10x_tim.o(.text)
    TIM_ClearOC1Ref                          0x08004031   Thumb Code    18  stm32f10x_tim.o(.text)
    TIM_ClearOC2Ref                          0x08004043   Thumb Code    24  stm32f10x_tim.o(.text)
    TIM_ClearOC3Ref                          0x0800405b   Thumb Code    18  stm32f10x_tim.o(.text)
    TIM_ClearOC4Ref                          0x0800406d   Thumb Code    24  stm32f10x_tim.o(.text)
    TIM_OC1PolarityConfig                    0x08004085   Thumb Code    18  stm32f10x_tim.o(.text)
    TIM_OC1NPolarityConfig                   0x08004097   Thumb Code    18  stm32f10x_tim.o(.text)
    TIM_OC2PolarityConfig                    0x080040a9   Thumb Code    26  stm32f10x_tim.o(.text)
    TIM_OC2NPolarityConfig                   0x080040c3   Thumb Code    26  stm32f10x_tim.o(.text)
    TIM_OC3PolarityConfig                    0x080040dd   Thumb Code    26  stm32f10x_tim.o(.text)
    TIM_OC3NPolarityConfig                   0x080040f7   Thumb Code    26  stm32f10x_tim.o(.text)
    TIM_OC4PolarityConfig                    0x08004111   Thumb Code    26  stm32f10x_tim.o(.text)
    TIM_CCxCmd                               0x0800412b   Thumb Code    30  stm32f10x_tim.o(.text)
    TIM_CCxNCmd                              0x08004149   Thumb Code    30  stm32f10x_tim.o(.text)
    TIM_SelectOCxM                           0x08004167   Thumb Code    82  stm32f10x_tim.o(.text)
    TIM_UpdateDisableConfig                  0x080041b9   Thumb Code    24  stm32f10x_tim.o(.text)
    TIM_UpdateRequestConfig                  0x080041d1   Thumb Code    24  stm32f10x_tim.o(.text)
    TIM_SelectHallSensor                     0x080041e9   Thumb Code    24  stm32f10x_tim.o(.text)
    TIM_SelectOnePulseMode                   0x08004201   Thumb Code    18  stm32f10x_tim.o(.text)
    TIM_SelectOutputTrigger                  0x08004213   Thumb Code    18  stm32f10x_tim.o(.text)
    TIM_SelectSlaveMode                      0x08004225   Thumb Code    18  stm32f10x_tim.o(.text)
    TIM_SelectMasterSlaveMode                0x08004237   Thumb Code    18  stm32f10x_tim.o(.text)
    TIM_SetCounter                           0x08004249   Thumb Code     4  stm32f10x_tim.o(.text)
    TIM_SetAutoreload                        0x0800424d   Thumb Code     4  stm32f10x_tim.o(.text)
    TIM_SetCompare1                          0x08004251   Thumb Code     4  stm32f10x_tim.o(.text)
    TIM_SetCompare2                          0x08004255   Thumb Code     4  stm32f10x_tim.o(.text)
    TIM_SetCompare3                          0x08004259   Thumb Code     4  stm32f10x_tim.o(.text)
    TIM_SetCompare4                          0x0800425d   Thumb Code     6  stm32f10x_tim.o(.text)
    TIM_SetClockDivision                     0x08004263   Thumb Code    18  stm32f10x_tim.o(.text)
    TIM_GetCapture1                          0x08004275   Thumb Code     6  stm32f10x_tim.o(.text)
    TIM_GetCapture2                          0x0800427b   Thumb Code     6  stm32f10x_tim.o(.text)
    TIM_GetCapture3                          0x08004281   Thumb Code     6  stm32f10x_tim.o(.text)
    TIM_GetCapture4                          0x08004287   Thumb Code     8  stm32f10x_tim.o(.text)
    TIM_GetCounter                           0x0800428f   Thumb Code     6  stm32f10x_tim.o(.text)
    TIM_GetPrescaler                         0x08004295   Thumb Code     6  stm32f10x_tim.o(.text)
    TIM_GetFlagStatus                        0x0800429b   Thumb Code    18  stm32f10x_tim.o(.text)
    TIM_ClearFlag                            0x080042ad   Thumb Code     6  stm32f10x_tim.o(.text)
    TIM_GetITStatus                          0x080042b3   Thumb Code    34  stm32f10x_tim.o(.text)
    TIM_ClearITPendingBit                    0x080042d5   Thumb Code     6  stm32f10x_tim.o(.text)
    FLASH_SetLatency                         0x080042dd   Thumb Code    18  stm32f10x_flash.o(.text)
    FLASH_HalfCycleAccessCmd                 0x080042ef   Thumb Code    22  stm32f10x_flash.o(.text)
    FLASH_PrefetchBufferCmd                  0x08004305   Thumb Code    22  stm32f10x_flash.o(.text)
    FLASH_Unlock                             0x0800431b   Thumb Code    12  stm32f10x_flash.o(.text)
    FLASH_UnlockBank1                        0x08004327   Thumb Code    12  stm32f10x_flash.o(.text)
    FLASH_Lock                               0x08004333   Thumb Code    14  stm32f10x_flash.o(.text)
    FLASH_LockBank1                          0x08004341   Thumb Code    14  stm32f10x_flash.o(.text)
    FLASH_GetBank1Status                     0x0800434f   Thumb Code    48  stm32f10x_flash.o(.text)
    FLASH_WaitForLastOperation               0x0800437f   Thumb Code    38  stm32f10x_flash.o(.text)
    FLASH_ErasePage                          0x080043a5   Thumb Code    72  stm32f10x_flash.o(.text)
    FLASH_EraseAllPages                      0x080043ed   Thumb Code    68  stm32f10x_flash.o(.text)
    FLASH_WaitForLastBank1Operation          0x08004431   Thumb Code    38  stm32f10x_flash.o(.text)
    FLASH_EraseAllBank1Pages                 0x08004457   Thumb Code    68  stm32f10x_flash.o(.text)
    FLASH_GetReadOutProtectionStatus         0x0800449b   Thumb Code    20  stm32f10x_flash.o(.text)
    FLASH_EraseOptionBytes                   0x080044af   Thumb Code   150  stm32f10x_flash.o(.text)
    FLASH_ProgramWord                        0x08004545   Thumb Code   102  stm32f10x_flash.o(.text)
    FLASH_ProgramHalfWord                    0x080045ab   Thumb Code    60  stm32f10x_flash.o(.text)
    FLASH_ProgramOptionByteData              0x080045e7   Thumb Code    72  stm32f10x_flash.o(.text)
    FLASH_EnableWriteProtection              0x0800462f   Thumb Code   200  stm32f10x_flash.o(.text)
    FLASH_ReadOutProtection                  0x080046f7   Thumb Code   156  stm32f10x_flash.o(.text)
    FLASH_UserOptionByteConfig               0x08004793   Thumb Code    88  stm32f10x_flash.o(.text)
    FLASH_GetUserOptionByte                  0x080047eb   Thumb Code     8  stm32f10x_flash.o(.text)
    FLASH_GetWriteProtectionOptionByte       0x080047f3   Thumb Code     6  stm32f10x_flash.o(.text)
    FLASH_GetPrefetchBufferStatus            0x080047f9   Thumb Code    20  stm32f10x_flash.o(.text)
    FLASH_ITConfig                           0x0800480d   Thumb Code    26  stm32f10x_flash.o(.text)
    FLASH_GetFlagStatus                      0x08004827   Thumb Code    42  stm32f10x_flash.o(.text)
    FLASH_ClearFlag                          0x08004851   Thumb Code     6  stm32f10x_flash.o(.text)
    FLASH_GetStatus                          0x08004857   Thumb Code    48  stm32f10x_flash.o(.text)
    SystemInit                               0x08004977   Thumb Code    94  system_stm32f10x.o(.text)
    SystemCoreClockUpdate                    0x080049d5   Thumb Code   142  system_stm32f10x.o(.text)
    ring_buf_init                            0x08004abd   Thumb Code    28  at_parse.o(.text)
    ring_buf_put                             0x08004ad9   Thumb Code   110  at_parse.o(.text)
    ring_buf_get                             0x08004b47   Thumb Code   106  at_parse.o(.text)
    USART1_IRQHandler                        0x08004bb1   Thumb Code    84  at_parse.o(.text)
    wifi_uart_read                           0x08004c05   Thumb Code    18  at_parse.o(.text)
    wifi_uart_write                          0x08004c17   Thumb Code    34  at_parse.o(.text)
    get_tick                                 0x08004c39   Thumb Code     6  at_parse.o(.text)
    at_obj_init                              0x08005175   Thumb Code   122  at_parse.o(.text)
    at_do_work                               0x080051ef   Thumb Code    22  at_parse.o(.text)
    at_do_cmd                                0x08005205   Thumb Code    22  at_parse.o(.text)
    at_send_singlline                        0x0800521b   Thumb Code    22  at_parse.o(.text)
    at_item_abort                            0x08005231   Thumb Code    12  at_parse.o(.text)
    at_obj_busy                              0x0800523d   Thumb Code    22  at_parse.o(.text)
    at_poll_task                             0x080052cf   Thumb Code    46  at_parse.o(.text)
    wifi_init                                0x080052fd   Thumb Code    12  at_parse.o(.text)
    wifi_task                                0x08005309   Thumb Code    10  at_parse.o(.text)
    systick_increase                         0x08005313   Thumb Code    12  at_parse.o(.text)
    is_timeout                               0x0800531f   Thumb Code    22  at_parse.o(.text)
    module_task_init                         0x08005337   Thumb Code    46  at_parse.o(.text)
    module_task_process                      0x08005365   Thumb Code    44  at_parse.o(.text)
    set_flag                                 0x08005391   Thumb Code     6  at_parse.o(.text)
    do_poll_handler                          0x08005397   Thumb Code   160  at_parse.o(.text)
    Int2Str                                  0x080054d9   Thumb Code    84  download.o(.text)
    Str2Int                                  0x0800552d   Thumb Code   260  download.o(.text)
    uart_isread_data                         0x08005631   Thumb Code    30  download.o(.text)
    SerialPutChar                            0x08005671   Thumb Code    12  download.o(.text)
    Write2Flash                              0x08005749   Thumb Code    20  download.o(.text)
    SetNextAPPAddress                        0x0800575d   Thumb Code    36  download.o(.text)
    Ymodem_Receive                           0x08005781   Thumb Code   482  download.o(.text)
    UpdateCRC16                              0x08005963   Thumb Code    50  download.o(.text)
    Cal_CRC16                                0x08005995   Thumb Code    52  download.o(.text)
    CalChecksum                              0x080059c9   Thumb Code    24  download.o(.text)
    SerialDownload                           0x080059e1   Thumb Code   124  download.o(.text)
    one_send_byte                            0x08005bb1   Thumb Code    12  mcu_at_system.o(.text)
    uart_send_data                           0x08005bbd   Thumb Code    36  mcu_at_system.o(.text)
    distribution_network                     0x08005be1   Thumb Code    40  mcu_at_system.o(.text)
    reset                                    0x08005c09   Thumb Code    12  mcu_at_system.o(.text)
    property_get_handler_entry               0x08005c15   Thumb Code   102  mcu_at_system.o(.text)
    property_set_handler_entry               0x08005c7b   Thumb Code   116  mcu_at_system.o(.text)
    action_set_handler_entry                 0x08005cef   Thumb Code   116  mcu_at_system.o(.text)
    property_up_handler_entry                0x08005d63   Thumb Code   154  mcu_at_system.o(.text)
    event_up_handler_entry                   0x08005dfd   Thumb Code   142  mcu_at_system.o(.text)
    fn_urc_property_get                      0x08005f59   Thumb Code    62  mcu_at_system.o(.text)
    fn_urc_property_set                      0x08005f97   Thumb Code   278  mcu_at_system.o(.text)
    fn_urc_action_set                        0x080060ad   Thumb Code    84  mcu_at_system.o(.text)
    fn_urc_otast                             0x08006101   Thumb Code    48  mcu_at_system.o(.text)
    fn_otast                                 0x08006131   Thumb Code    14  mcu_at_system.o(.text)
    fn_urc_ecstac                            0x0800613f   Thumb Code    66  mcu_at_system.o(.text)
    fn_urc_otaac                             0x08006181   Thumb Code    22  mcu_at_system.o(.text)
    fn_urc_tmc                               0x08006197   Thumb Code    16  mcu_at_system.o(.text)
    fn_tmg                                   0x080061a7   Thumb Code    88  mcu_at_system.o(.text)
    product_test                             0x080061ff   Thumb Code    54  mcu_at_system.o(.text)
    fn_ptconnect                             0x08006235   Thumb Code    50  mcu_at_system.o(.text)
    fn_ptgetrssi                             0x08006267   Thumb Code    26  mcu_at_system.o(.text)
    fn_property_Switch_sync                  0x08006445   Thumb Code    38  tsl_protocol.o(.text)
    fn_property_Temperature_sync             0x0800646b   Thumb Code    40  tsl_protocol.o(.text)
    fn_event_RunModeComplate_sync            0x08006493   Thumb Code    38  tsl_protocol.o(.text)
    __aeabi_memcpy                           0x08006575   Thumb Code    36  memcpya.o(.text)
    __aeabi_memcpy4                          0x08006575   Thumb Code     0  memcpya.o(.text)
    __aeabi_memcpy8                          0x08006575   Thumb Code     0  memcpya.o(.text)
    __aeabi_memset                           0x08006599   Thumb Code    14  memseta.o(.text)
    __aeabi_memset4                          0x08006599   Thumb Code     0  memseta.o(.text)
    __aeabi_memset8                          0x08006599   Thumb Code     0  memseta.o(.text)
    __aeabi_memclr                           0x080065a7   Thumb Code     4  memseta.o(.text)
    __aeabi_memclr4                          0x080065a7   Thumb Code     0  memseta.o(.text)
    __aeabi_memclr8                          0x080065a7   Thumb Code     0  memseta.o(.text)
    _memset$wrapper                          0x080065ab   Thumb Code    18  memseta.o(.text)
    strstr                                   0x080065bd   Thumb Code    36  strstr.o(.text)
    strlen                                   0x080065e1   Thumb Code    14  strlen.o(.text)
    strcmp                                   0x080065ef   Thumb Code    28  strcmp.o(.text)
    strncmp                                  0x0800660b   Thumb Code    30  strncmp.o(.text)
    __0sscanf                                0x08006629   Thumb Code    48  __0sscanf.o(.text)
    _scanf_int                               0x08006661   Thumb Code   332  _scanf_int.o(.text)
    atoi                                     0x080067ad   Thumb Code    26  atoi.o(.text)
    __aeabi_uidiv                            0x080067c7   Thumb Code     0  uidiv.o(.text)
    __aeabi_uidivmod                         0x080067c7   Thumb Code    44  uidiv.o(.text)
    __aeabi_uldivmod                         0x080067f3   Thumb Code    98  uldiv.o(.text)
    _chval                                   0x08006855   Thumb Code    28  _chval.o(.text)
    __vfscanf_char                           0x0800687d   Thumb Code    20  scanf_char.o(.text)
    _sgetc                                   0x08006899   Thumb Code    30  _sgetc.o(.text)
    _sbackspace                              0x080068b7   Thumb Code    34  _sgetc.o(.text)
    strtol                                   0x080068d9   Thumb Code   112  strtol.o(.text)
    __I$use$fp                               0x08006949   Thumb Code     0  iusefp.o(.text)
    __aeabi_dadd                             0x08006949   Thumb Code   322  dadd.o(.text)
    __aeabi_dsub                             0x08006a8b   Thumb Code     6  dadd.o(.text)
    __aeabi_drsub                            0x08006a91   Thumb Code     6  dadd.o(.text)
    __aeabi_dmul                             0x08006a97   Thumb Code   228  dmul.o(.text)
    __aeabi_ddiv                             0x08006b7b   Thumb Code   222  ddiv.o(.text)
    __aeabi_d2ulz                            0x08006c59   Thumb Code    48  dfixul.o(.text)
    __aeabi_cdrcmple                         0x08006c89   Thumb Code    48  cdrcmple.o(.text)
    __scatterload                            0x08006cb9   Thumb Code    28  init.o(.text)
    __scatterload_rt2                        0x08006cb9   Thumb Code     0  init.o(.text)
    __aeabi_llsl                             0x08006cdd   Thumb Code    30  llshl.o(.text)
    _ll_shift_l                              0x08006cdd   Thumb Code     0  llshl.o(.text)
    __aeabi_llsr                             0x08006cfb   Thumb Code    32  llushr.o(.text)
    _ll_ushift_r                             0x08006cfb   Thumb Code     0  llushr.o(.text)
    __aeabi_lasr                             0x08006d1b   Thumb Code    36  llsshr.o(.text)
    _ll_sshift_r                             0x08006d1b   Thumb Code     0  llsshr.o(.text)
    __rt_ctype_table                         0x08006d41   Thumb Code     4  ctype_o.o(.text)
    isspace                                  0x08006d49   Thumb Code    18  isspace_o.o(.text)
    __vfscanf                                0x08006d5d   Thumb Code   808  _scanf.o(.text)
    _strtoul                                 0x08007089   Thumb Code   158  _strtoul.o(.text)
    _double_round                            0x08007127   Thumb Code    30  depilogue.o(.text)
    _double_epilogue                         0x08007145   Thumb Code   156  depilogue.o(.text)
    __decompress                             0x080071e1   Thumb Code     0  __dczerorl2.o(.text)
    __decompress1                            0x080071e1   Thumb Code    86  __dczerorl2.o(.text)
    __0printf                                0x08007239   Thumb Code    22  printfa.o(i.__0printf)
    __1printf                                0x08007239   Thumb Code     0  printfa.o(i.__0printf)
    __2printf                                0x08007239   Thumb Code     0  printfa.o(i.__0printf)
    __c89printf                              0x08007239   Thumb Code     0  printfa.o(i.__0printf)
    printf                                   0x08007239   Thumb Code     0  printfa.o(i.__0printf)
    __0sprintf                               0x08007259   Thumb Code    34  printfa.o(i.__0sprintf)
    __1sprintf                               0x08007259   Thumb Code     0  printfa.o(i.__0sprintf)
    __2sprintf                               0x08007259   Thumb Code     0  printfa.o(i.__0sprintf)
    __c89sprintf                             0x08007259   Thumb Code     0  printfa.o(i.__0sprintf)
    sprintf                                  0x08007259   Thumb Code     0  printfa.o(i.__0sprintf)
    __0vsnprintf                             0x08007281   Thumb Code    32  printfa.o(i.__0vsnprintf)
    __1vsnprintf                             0x08007281   Thumb Code     0  printfa.o(i.__0vsnprintf)
    __2vsnprintf                             0x08007281   Thumb Code     0  printfa.o(i.__0vsnprintf)
    __c89vsnprintf                           0x08007281   Thumb Code     0  printfa.o(i.__0vsnprintf)
    vsnprintf                                0x08007281   Thumb Code     0  printfa.o(i.__0vsnprintf)
    __aeabi_errno_addr                       0x080072a5   Thumb Code     4  errno.o(i.__aeabi_errno_addr)
    __rt_errno_addr                          0x080072a5   Thumb Code     0  errno.o(i.__aeabi_errno_addr)
    __scatterload_copy                       0x080072ad   Thumb Code    14  handlers.o(i.__scatterload_copy)
    __scatterload_null                       0x080072bb   Thumb Code     2  handlers.o(i.__scatterload_null)
    __scatterload_zeroinit                   0x080072bd   Thumb Code    14  handlers.o(i.__scatterload_zeroinit)
    __ctype_table                            0x08007c64   Data         129  ctype_o.o(.constdata)
    Region$$Table$$Base                      0x08007d78   Number         0  anon$$obj.o(Region$$Table)
    Region$$Table$$Limit                     0x08007d98   Number         0  anon$$obj.o(Region$$Table)
    init_tbl_start                           0x08007d98   Data           8  at_parse.o(init.item.0)
    init_tbl_wifi_init607                    0x08007da0   Data           8  at_parse.o(init.item.2)
    init_tbl_end                             0x08007da8   Data           8  at_parse.o(init.item.4)
    task_tbl_start                           0x08007db0   Data          16  at_parse.o(task.item.0)
    task_item_wifi_task613                   0x08007dc0   Data          16  at_parse.o(task.item.1)
    task_tbl_end                             0x08007dd0   Data          16  at_parse.o(task.item.2)
    time                                     0x20000000   Data           4  main.o(.data)
    nbuff_AAAA                               0x20000004   Data           4  main.o(.data)
    SystemCoreClock                          0x2000001c   Data           4  system_stm32f10x.o(.data)
    AHBPrescTable                            0x20000020   Data          16  system_stm32f10x.o(.data)
    Switch                                   0x20000040   Data           4  tsl_protocol.o(.data)
    Temperature                              0x20000044   Data           4  tsl_protocol.o(.data)
    property_cmd                             0x20000048   Data         216  tsl_protocol.o(.data)
    action_cmd                               0x20000120   Data         136  tsl_protocol.o(.data)
    event_cmd                                0x200001a8   Data         136  tsl_protocol.o(.data)
    __stdout                                 0x20000230   Data           4  stdout.o(.data)
    cBuffer                                  0x20000238   Data        1024  flash.o(.bss)
    at                                       0x20000638   Data         316  at_parse.o(.bss)
    __initial_sp                             0x20002218   Data           0  startup_stm32f10x_hd.o(STACK)



==============================================================================

Memory Map of the image

  Image Entry point : 0x08002131

  Load Region LR_IROM1 (Base: 0x08002000, Size: 0x00006018, Max: 0x0000e008, ABSOLUTE, COMPRESSED[0x00005e80])

    Execution Region ER_IROM1 (Base: 0x08002000, Size: 0x00005de0, Max: 0x0000e008, ABSOLUTE)

    Base Addr    Size         Type   Attr      Idx    E Section Name        Object

    0x08002000   0x00000130   Data   RO            3    RESET               startup_stm32f10x_hd.o
    0x08002130   0x00000000   Code   RO          456  * .ARM.Collect$$$$00000000  mc_w.l(entry.o)
    0x08002130   0x00000004   Code   RO          740    .ARM.Collect$$$$00000001  mc_w.l(entry2.o)
    0x08002134   0x00000004   Code   RO          743    .ARM.Collect$$$$00000004  mc_w.l(entry5.o)
    0x08002138   0x00000000   Code   RO          745    .ARM.Collect$$$$00000008  mc_w.l(entry7b.o)
    0x08002138   0x00000000   Code   RO          747    .ARM.Collect$$$$0000000A  mc_w.l(entry8b.o)
    0x08002138   0x00000008   Code   RO          748    .ARM.Collect$$$$0000000B  mc_w.l(entry9a.o)
    0x08002140   0x00000000   Code   RO          750    .ARM.Collect$$$$0000000D  mc_w.l(entry10a.o)
    0x08002140   0x00000000   Code   RO          752    .ARM.Collect$$$$0000000F  mc_w.l(entry11a.o)
    0x08002140   0x00000004   Code   RO          741    .ARM.Collect$$$$00002712  mc_w.l(entry2.o)
    0x08002144   0x00000024   Code   RO            4    .text               startup_stm32f10x_hd.o
    0x08002168   0x00000098   Code   RO           10    .text               main.o
    0x08002200   0x000000a8   Code   RO          105    .text               stm32f10x_it.o
    0x080022a8   0x000000f0   Code   RO          134    .text               usart1.o
    0x08002398   0x000000e8   Code   RO          146    .text               key.o
    0x08002480   0x00000038   Code   RO          158    .text               led.o
    0x080024b8   0x00000082   Code   RO          170    .text               time_test.o
    0x0800253a   0x00000002   PAD
    0x0800253c   0x00000114   Code   RO          182    .text               usart3.o
    0x08002650   0x00000170   Code   RO          212    .text               flash.o
    0x080027c0   0x000003a4   Code   RO          231    .text               stm32f10x_rcc.o
    0x08002b64   0x0000035c   Code   RO          245    .text               stm32f10x_gpio.o
    0x08002ec0   0x00000408   Code   RO          257    .text               stm32f10x_usart.o
    0x080032c8   0x000000dc   Code   RO          269    .text               misc.o
    0x080033a4   0x0000011c   Code   RO          281    .text               stm32f10x_exti.o
    0x080034c0   0x00000e1a   Code   RO          293    .text               stm32f10x_tim.o
    0x080042da   0x00000002   PAD
    0x080042dc   0x000005bc   Code   RO          305    .text               stm32f10x_flash.o
    0x08004898   0x000001fc   Code   RO          327    .text               system_stm32f10x.o
    0x08004a94   0x00000a44   Code   RO          348    .text               at_parse.o
    0x080054d8   0x000006d8   Code   RO          393    .text               download.o
    0x08005bb0   0x00000894   Code   RO          408    .text               mcu_at_system.o
    0x08006444   0x00000130   Code   RO          430    .text               tsl_protocol.o
    0x08006574   0x00000024   Code   RO          459    .text               mc_w.l(memcpya.o)
    0x08006598   0x00000024   Code   RO          461    .text               mc_w.l(memseta.o)
    0x080065bc   0x00000024   Code   RO          463    .text               mc_w.l(strstr.o)
    0x080065e0   0x0000000e   Code   RO          465    .text               mc_w.l(strlen.o)
    0x080065ee   0x0000001c   Code   RO          467    .text               mc_w.l(strcmp.o)
    0x0800660a   0x0000001e   Code   RO          469    .text               mc_w.l(strncmp.o)
    0x08006628   0x00000038   Code   RO          734    .text               mc_w.l(__0sscanf.o)
    0x08006660   0x0000014c   Code   RO          736    .text               mc_w.l(_scanf_int.o)
    0x080067ac   0x0000001a   Code   RO          738    .text               mc_w.l(atoi.o)
    0x080067c6   0x0000002c   Code   RO          755    .text               mc_w.l(uidiv.o)
    0x080067f2   0x00000062   Code   RO          757    .text               mc_w.l(uldiv.o)
    0x08006854   0x0000001c   Code   RO          766    .text               mc_w.l(_chval.o)
    0x08006870   0x00000028   Code   RO          768    .text               mc_w.l(scanf_char.o)
    0x08006898   0x00000040   Code   RO          770    .text               mc_w.l(_sgetc.o)
    0x080068d8   0x00000070   Code   RO          772    .text               mc_w.l(strtol.o)
    0x08006948   0x00000000   Code   RO          774    .text               mc_w.l(iusefp.o)
    0x08006948   0x0000014e   Code   RO          775    .text               mf_w.l(dadd.o)
    0x08006a96   0x000000e4   Code   RO          777    .text               mf_w.l(dmul.o)
    0x08006b7a   0x000000de   Code   RO          779    .text               mf_w.l(ddiv.o)
    0x08006c58   0x00000030   Code   RO          781    .text               mf_w.l(dfixul.o)
    0x08006c88   0x00000030   Code   RO          783    .text               mf_w.l(cdrcmple.o)
    0x08006cb8   0x00000024   Code   RO          785    .text               mc_w.l(init.o)
    0x08006cdc   0x0000001e   Code   RO          787    .text               mc_w.l(llshl.o)
    0x08006cfa   0x00000020   Code   RO          789    .text               mc_w.l(llushr.o)
    0x08006d1a   0x00000024   Code   RO          791    .text               mc_w.l(llsshr.o)
    0x08006d3e   0x00000002   PAD
    0x08006d40   0x00000008   Code   RO          795    .text               mc_w.l(ctype_o.o)
    0x08006d48   0x00000012   Code   RO          817    .text               mc_w.l(isspace_o.o)
    0x08006d5a   0x00000002   PAD
    0x08006d5c   0x0000032c   Code   RO          823    .text               mc_w.l(_scanf.o)
    0x08007088   0x0000009e   Code   RO          825    .text               mc_w.l(_strtoul.o)
    0x08007126   0x000000ba   Code   RO          827    .text               mf_w.l(depilogue.o)
    0x080071e0   0x00000056   Code   RO          840    .text               mc_w.l(__dczerorl2.o)
    0x08007236   0x00000002   PAD
    0x08007238   0x00000020   Code   RO          706    i.__0printf         mc_w.l(printfa.o)
    0x08007258   0x00000028   Code   RO          708    i.__0sprintf        mc_w.l(printfa.o)
    0x08007280   0x00000024   Code   RO          711    i.__0vsnprintf      mc_w.l(printfa.o)
    0x080072a4   0x00000008   Code   RO          759    i.__aeabi_errno_addr  mc_w.l(errno.o)
    0x080072ac   0x0000000e   Code   RO          834    i.__scatterload_copy  mc_w.l(handlers.o)
    0x080072ba   0x00000002   Code   RO          835    i.__scatterload_null  mc_w.l(handlers.o)
    0x080072bc   0x0000000e   Code   RO          836    i.__scatterload_zeroinit  mc_w.l(handlers.o)
    0x080072ca   0x00000002   PAD
    0x080072cc   0x00000164   Code   RO          713    i._fp_digits        mc_w.l(printfa.o)
    0x08007430   0x000006dc   Code   RO          714    i._printf_core      mc_w.l(printfa.o)
    0x08007b0c   0x00000024   Code   RO          715    i._printf_post_padding  mc_w.l(printfa.o)
    0x08007b30   0x0000002e   Code   RO          716    i._printf_pre_padding  mc_w.l(printfa.o)
    0x08007b5e   0x00000016   Code   RO          717    i._snputc           mc_w.l(printfa.o)
    0x08007b74   0x0000000a   Code   RO          718    i._sputc            mc_w.l(printfa.o)
    0x08007b7e   0x00000002   PAD
    0x08007b80   0x00000084   Data   RO          350    .constdata          at_parse.o
    0x08007c04   0x00000060   Data   RO          431    .constdata          tsl_protocol.o
    0x08007c64   0x00000081   Data   RO          796    .constdata          mc_w.l(ctype_o.o)
    0x08007ce5   0x00000003   PAD
    0x08007ce8   0x00000004   Data   RO          797    .constdata          mc_w.l(ctype_o.o)
    0x08007cec   0x00000077   Data   RO          351    .conststring        at_parse.o
    0x08007d63   0x00000001   PAD
    0x08007d64   0x00000005   Data   RO          432    .conststring        tsl_protocol.o
    0x08007d69   0x00000003   PAD
    0x08007d6c   0x00000009   Data   RO          352    .conststrlit        at_parse.o
    0x08007d75   0x00000003   PAD
    0x08007d78   0x00000020   Data   RO          832    Region$$Table       anon$$obj.o
    0x08007d98   0x00000008   Data   RO          354    init.item.0         at_parse.o
    0x08007da0   0x00000008   Data   RO          355    init.item.2         at_parse.o
    0x08007da8   0x00000008   Data   RO          356    init.item.4         at_parse.o
    0x08007db0   0x00000010   Data   RO          357    task.item.0         at_parse.o
    0x08007dc0   0x00000010   Data   RO          358    task.item.1         at_parse.o
    0x08007dd0   0x00000010   Data   RO          359    task.item.2         at_parse.o


    Execution Region RW_IRAM1 (Base: 0x20000000, Size: 0x00002218, Max: 0x00010000, ABSOLUTE, COMPRESSED[0x000000a0])

    Base Addr    Size         Type   Attr      Idx    E Section Name        Object

    0x20000000   0x00000008   Data   RW           11    .data               main.o
    0x20000008   0x00000014   Data   RW          232    .data               stm32f10x_rcc.o
    0x2000001c   0x00000014   Data   RW          328    .data               system_stm32f10x.o
    0x20000030   0x0000000c   Data   RW          353    .data               at_parse.o
    0x2000003c   0x00000004   Data   RW          395    .data               download.o
    0x20000040   0x000001f0   Data   RW          433    .data               tsl_protocol.o
    0x20000230   0x00000004   Data   RW          754    .data               mc_w.l(stdout.o)
    0x20000234   0x00000004   Data   RW          762    .data               mc_w.l(errno.o)
    0x20000238   0x00000400   Zero   RW          213    .bss                flash.o
    0x20000638   0x000012dc   Zero   RW          349    .bss                at_parse.o
    0x20001914   0x00000500   Zero   RW          394    .bss                download.o
    0x20001e14   0x00000004   PAD
    0x20001e18   0x00000400   Zero   RW            1    STACK               startup_stm32f10x_hd.o


==============================================================================

Image component sizes


      Code (inc. data)   RO Data    RW Data    ZI Data      Debug   Object Name

      2628        204        332         12       4828      37093   at_parse.o
      1752        342          0          4       1280       5943   download.o
       368         62          0          0       1024       2605   flash.o
       232          4          0          0          0       1047   key.o
        56          6          0          0          0        478   led.o
       152         48          0          8          0     272781   main.o
      2196        644          0          0          0       6754   mcu_at_system.o
       220         22          0          0          0       1797   misc.o
        36          8        304          0       1024        868   startup_stm32f10x_hd.o
       284         10          0          0          0       2235   stm32f10x_exti.o
      1468         34          0          0          0       8034   stm32f10x_flash.o
       860         38          0          0          0       5645   stm32f10x_gpio.o
       168          8          0          0          0       1712   stm32f10x_it.o
       932         36          0         20          0       8832   stm32f10x_rcc.o
      3610         88          0          0          0      22132   stm32f10x_tim.o
      1032         22          0          0          0       8368   stm32f10x_usart.o
       508         50          0         20          0       1903   system_stm32f10x.o
       130          0          0          0          0        713   time_test.o
       304         44        101        496          0       3904   tsl_protocol.o
       240         10          0          0          0       1203   usart1.o
       276          8          0          0          0       1413   usart3.o

    ----------------------------------------------------------------------
     17456       1688        776        560       8160     395460   Object Totals
         0          0         32          0          0          0   (incl. Generated)
         4          0          7          0          4          0   (incl. Padding)

    ----------------------------------------------------------------------

      Code (inc. data)   RO Data    RW Data    ZI Data      Debug   Library Member Name

        56          8          0          0          0         84   __0sscanf.o
        86          0          0          0          0          0   __dczerorl2.o
        28          0          0          0          0         68   _chval.o
       812          4          0          0          0        112   _scanf.o
       332          0          0          0          0         96   _scanf_int.o
        64          0          0          0          0         84   _sgetc.o
       158          0          0          0          0         92   _strtoul.o
        26          0          0          0          0         80   atoi.o
         8          4        133          0          0         68   ctype_o.o
         0          0          0          0          0          0   entry.o
         0          0          0          0          0          0   entry10a.o
         0          0          0          0          0          0   entry11a.o
         8          4          0          0          0          0   entry2.o
         4          0          0          0          0          0   entry5.o
         0          0          0          0          0          0   entry7b.o
         0          0          0          0          0          0   entry8b.o
         8          4          0          0          0          0   entry9a.o
         8          4          0          4          0         68   errno.o
        30          0          0          0          0          0   handlers.o
        36          8          0          0          0         68   init.o
        18          0          0          0          0         76   isspace_o.o
         0          0          0          0          0          0   iusefp.o
        30          0          0          0          0         68   llshl.o
        36          0          0          0          0         68   llsshr.o
        32          0          0          0          0         68   llushr.o
        36          0          0          0          0         68   memcpya.o
        36          0          0          0          0        108   memseta.o
      2334        100          0          0          0        744   printfa.o
        40          8          0          0          0         84   scanf_char.o
         0          0          0          4          0          0   stdout.o
        28          0          0          0          0         76   strcmp.o
        14          0          0          0          0         68   strlen.o
        30          0          0          0          0         80   strncmp.o
        36          0          0          0          0         80   strstr.o
       112          0          0          0          0         88   strtol.o
        44          0          0          0          0         80   uidiv.o
        98          0          0          0          0         92   uldiv.o
        48          0          0          0          0         68   cdrcmple.o
       334          0          0          0          0        148   dadd.o
       222          0          0          0          0        100   ddiv.o
       186          0          0          0          0        176   depilogue.o
        48          0          0          0          0         68   dfixul.o
       228          0          0          0          0         96   dmul.o

    ----------------------------------------------------------------------
      5664        144        136          8          0       3324   Library Totals
        10          0          3          0          0          0   (incl. Padding)

    ----------------------------------------------------------------------

      Code (inc. data)   RO Data    RW Data    ZI Data      Debug   Library Name

      4588        144        133          8          0       2668   mc_w.l
      1066          0          0          0          0        656   mf_w.l

    ----------------------------------------------------------------------
      5664        144        136          8          0       3324   Library Totals

    ----------------------------------------------------------------------

==============================================================================


      Code (inc. data)   RO Data    RW Data    ZI Data      Debug   

     23120       1832        912        568       8160     395220   Grand Totals
     23120       1832        912        160       8160     395220   ELF Image Totals (compressed)
     23120       1832        912        160          0          0   ROM Totals

==============================================================================

    Total RO  Size (Code + RO Data)                24032 (  23.47kB)
    Total RW  Size (RW Data + ZI Data)              8728 (   8.52kB)
    Total ROM Size (Code + RO Data + RW Data)      24192 (  23.63kB)

==============================================================================

